// Jest Snapshot v1, https://goo.gl/fbAQLP

exports[`<CustomInputControl /> render() component is rendered exactly like the last time 1`] = `
<FormControl
  classes={
    Object {
      "fullWidth": "MuiFormControl-fullWidth-4",
      "marginDense": "MuiFormControl-marginDense-3",
      "marginNormal": "MuiFormControl-marginNormal-2",
      "root": "MuiFormControl-root-1",
    }
  }
  component="div"
  disabled={false}
  error={false}
  fullWidth={true}
  margin="normal"
  required={true}
  variant="standard"
>
  <WithStyles(WithFormControlContext(InputLabel)) />
  <WithStyles(Input)
    onChange={[Function]}
    optional="undefined"
    value=""
  />
</FormControl>
`;

exports[`<UserImageControl /> render() component is rendered exactly like the last time 1`] = `
<UserImageControl
  classes={
    Object {
      "appBar": "Component-appBar-8",
      "appBarShift": "Component-appBarShift-9",
      "appBarSpacer": "Component-appBarSpacer-15",
      "chartContainer": "Component-chartContainer-18",
      "content": "Component-content-16",
      "drawerPaper": "Component-drawerPaper-13",
      "drawerPaperClose": "Component-drawerPaperClose-14",
      "h5": "Component-h5-20",
      "link": "Component-link-17",
      "menuButton": "Component-menuButton-10",
      "menuButtonHidden": "Component-menuButtonHidden-11",
      "paper": "Component-paper-21",
      "root": "Component-root-5",
      "tableContainer": "Component-tableContainer-19",
      "title": "Component-title-12",
      "toolbar": "Component-toolbar-6",
      "toolbarIcon": "Component-toolbarIcon-7",
    }
  }
  id="imagePath"
  src="assets/img/userm.png"
  username="testUserName"
/>
`;
